D:\Users\centro electrico\Desktop\UNER\Microcontroladores\K64F\Velocista\drivers/fsl_clock.h:668:20:CLOCK_EnableClock	24	static
D:\Users\centro electrico\Desktop\UNER\Microcontroladores\K64F\Velocista\drivers/fsl_port.h:271:20:PORT_SetPinConfig	32	static
D:\Users\centro electrico\Desktop\UNER\Microcontroladores\K64F\Velocista\drivers/fsl_port.h:374:20:PORT_SetPinMux	24	static
D:\Users\centro electrico\Desktop\UNER\Microcontroladores\K64F\Velocista\drivers/fsl_port.h:443:20:PORT_SetPinInterruptConfig	24	static
../board/pin_mux.c:132:6:BOARD_InitBootPins	8	static
../board/pin_mux.c:168:6:BOARD_InitPins	16	static
../board/pin_mux.c:251:6:BOARD_InitButtonsPins	24	static
../board/pin_mux.c:335:6:BOARD_InitLEDsPins	32	static
../board/pin_mux.c:435:6:BOARD_InitDEBUG_UARTPins	16	static
../board/pin_mux.c:502:6:BOARD_InitOSCPins	8	static
../board/pin_mux.c:535:6:BOARD_InitACCELPins	32	static
../board/pin_mux.c:661:6:BOARD_InitENETPins	48	static
../board/pin_mux.c:876:6:BOARD_InitSDHCPins	40	static
../board/pin_mux.c:1026:6:BOARD_InitUSBPins	4	static
