D:\Users\centro electrico\Desktop\UNER\Microcontroladores\K64F\Velocista\drivers/fsl_gpio.h:162:20:GPIO_PinWrite	24	static
D:\Users\centro electrico\Desktop\UNER\Microcontroladores\K64F\Velocista\drivers/fsl_gpio.h:221:20:GPIO_PortToggle	16	static
D:\Users\centro electrico\Desktop\UNER\Microcontroladores\K64F\Velocista\drivers/fsl_gpio.h:244:24:GPIO_PinRead	16	static
D:\Users\centro electrico\Desktop\UNER\Microcontroladores\K64F\Velocista\drivers/fsl_uart.h:653:20:UART_WriteByte	16	static
D:\Users\centro electrico\Desktop\UNER\Microcontroladores\K64F\Velocista\drivers/fsl_uart.h:667:23:UART_ReadByte	16	static
D:\Users\centro electrico\Desktop\UNER\Microcontroladores\K64F\Velocista\drivers/fsl_pit.h:207:24:PIT_GetStatusFlags	16	static
D:\Users\centro electrico\Desktop\UNER\Microcontroladores\K64F\Velocista\drivers/fsl_pit.h:220:20:PIT_ClearStatusFlags	24	static
D:\Users\centro electrico\Desktop\UNER\Microcontroladores\K64F\Velocista\drivers/fsl_pit.h:288:20:PIT_StartTimer	16	static
D:\Users\centro electrico\Desktop\UNER\Microcontroladores\K64F\Velocista\drivers/fsl_adc16.h:491:24:ADC16_GetChannelConversionValue	16	static
D:\Users\centro electrico\Desktop\UNER\Microcontroladores\K64F\Velocista\drivers/fsl_ftm.h:700:20:FTM_StartTimer	24	static
D:\Users\centro electrico\Desktop\UNER\Microcontroladores\K64F\Velocista\drivers/fsl_ftm.h:714:20:FTM_StopTimer	16	static
../source/Velocista.c:106:5:main	8	static
../source/Velocista.c:275:6:UART3_RX_TX_IRQHandler	16	static
../source/Velocista.c:326:6:ESP_SendATCommand	8	static
../source/Velocista.c:344:6:ESP_chargebuf	24	static
../source/Velocista.c:357:6:InitAT	16	static
../source/Velocista.c:569:6:HeaderToTX	4	static
../source/Velocista.c:598:6:DecodificarHeaderESP	16	static
../source/Velocista.c:706:6:CksVerif	4	static
../source/Velocista.c:736:6:CMD	8	static
../source/Velocista.c:820:6:PIT0_IRQHandler	16	static
../source/Velocista.c:856:6:PIT1_IRQHandler	16	static
../source/Velocista.c:880:6:ADC1_IRQHandler	8	static
../source/Velocista.c:896:6:ADC0_IRQHandler	8	static
../source/Velocista.c:917:6:Sensar	16	static
../source/Velocista.c:963:6:Send_Sensores	4	static
