D:\Users\centro electrico\Desktop\UNER\Microcontroladores\K64F\Velocista\drivers/fsl_gpio.h:162:20:GPIO_PinWrite	24	static
D:\Users\centro electrico\Desktop\UNER\Microcontroladores\K64F\Velocista\drivers/fsl_gpio.h:221:20:GPIO_PortToggle	16	static
D:\Users\centro electrico\Desktop\UNER\Microcontroladores\K64F\Velocista\drivers/fsl_gpio.h:244:24:GPIO_PinRead	16	static
D:\Users\centro electrico\Desktop\UNER\Microcontroladores\K64F\Velocista\drivers/fsl_uart.h:653:20:UART_WriteByte	16	static
D:\Users\centro electrico\Desktop\UNER\Microcontroladores\K64F\Velocista\drivers/fsl_uart.h:667:23:UART_ReadByte	16	static
D:\Users\centro electrico\Desktop\UNER\Microcontroladores\K64F\Velocista\drivers/fsl_pit.h:207:24:PIT_GetStatusFlags	16	static
D:\Users\centro electrico\Desktop\UNER\Microcontroladores\K64F\Velocista\drivers/fsl_pit.h:220:20:PIT_ClearStatusFlags	24	static
../source/Velocista.c:97:5:main	8	static
../source/Velocista.c:183:6:UART3_RX_TX_IRQHandler	16	static
../source/Velocista.c:234:6:ESP_SendATCommand	8	static
../source/Velocista.c:252:6:ESP_chargebuf	24	static
../source/Velocista.c:265:6:InitAT	16	static
../source/Velocista.c:497:6:DecodificarHeaderESP	16	static
../source/Velocista.c:605:6:CksVerif	4	static
../source/Velocista.c:635:6:CMD	8	static
../source/Velocista.c:720:6:PIT0_IRQHandler	16	static
