D:\Users\centro electrico\Desktop\UNER\Microcontroladores\K64F\Velocista\drivers/fsl_gpio.h:162:20:GPIO_PinWrite	24	static
D:\Users\centro electrico\Desktop\UNER\Microcontroladores\K64F\Velocista\drivers/fsl_gpio.h:221:20:GPIO_PortToggle	16	static
D:\Users\centro electrico\Desktop\UNER\Microcontroladores\K64F\Velocista\drivers/fsl_gpio.h:244:24:GPIO_PinRead	16	static
D:\Users\centro electrico\Desktop\UNER\Microcontroladores\K64F\Velocista\drivers/fsl_uart.h:653:20:UART_WriteByte	16	static
D:\Users\centro electrico\Desktop\UNER\Microcontroladores\K64F\Velocista\drivers/fsl_uart.h:667:23:UART_ReadByte	16	static
D:\Users\centro electrico\Desktop\UNER\Microcontroladores\K64F\Velocista\drivers/fsl_pit.h:207:24:PIT_GetStatusFlags	16	static
D:\Users\centro electrico\Desktop\UNER\Microcontroladores\K64F\Velocista\drivers/fsl_pit.h:220:20:PIT_ClearStatusFlags	24	static
../source/Velocista.c:101:5:main	8	static
../source/Velocista.c:240:6:UART3_RX_TX_IRQHandler	16	static
../source/Velocista.c:291:6:ESP_SendATCommand	8	static
../source/Velocista.c:309:6:ESP_chargebuf	24	static
../source/Velocista.c:322:6:InitAT	16	static
../source/Velocista.c:542:6:HeaderToTX	4	static
../source/Velocista.c:571:6:DecodificarHeaderESP	16	static
../source/Velocista.c:679:6:CksVerif	4	static
../source/Velocista.c:709:6:CMD	8	static
../source/Velocista.c:783:6:PIT0_IRQHandler	16	static
